﻿
> rest-express@1.0.0 build:client
> vite build --outDir ../dist/client

[36mvite v5.4.21 [32mbuilding for production...[36m[39m
transforming...
[32mΓ£ô[39m 4 modules transformed.
node.exe : [31mx[39m Build failed in 
928ms
At C:\Program Files\nodejs\npm.ps1:29 
char:3
+   & $NODE_EXE $NPM_CLI_JS $args
+   ~~~~~~~~~~~~~~~~~~~~~~~~~~~~~
    + CategoryInfo          : NotSpecif 
   ied: ([31mx[39m Build failed in 9  
  28ms:String) [], RemoteException
    + FullyQualifiedErrorId : NativeCom 
   mandError
 
[31merror during build:
[31m[vite:css] [postcss] D:/Web 
Apps/Alfia-1-Beta-Main Live Now/Alfia-1-
Beta-Main-new/client/src/index.css:890:1
: Unexpected }[31m
file: [36mD:/Web 
Apps/Alfia-1-Beta-Main Live Now/Alfia-1-
Beta-Main-new/client/src/index.css:890:0
[31m
    at Input.error (D:\Web 
Apps\Alfia-1-Beta-Main Live Now\Alfia-1-
Beta-Main-new\node_modules\postcss\lib\i
nput.js:135:16)
    at Parser.unexpectedClose (D:\Web 
Apps\Alfia-1-Beta-Main Live Now\Alfia-1-
Beta-Main-new\node_modules\postcss\lib\p
arser.js:587:22)
    at Parser.end (D:\Web 
Apps\Alfia-1-Beta-Main Live Now\Alfia-1-
Beta-Main-new\node_modules\postcss\lib\p
arser.js:330:12)
    at Parser.parse (D:\Web 
Apps\Alfia-1-Beta-Main Live Now\Alfia-1-
Beta-Main-new\node_modules\postcss\lib\p
arser.js:456:16)
    at parse (D:\Web 
Apps\Alfia-1-Beta-Main Live Now\Alfia-1-
Beta-Main-new\node_modules\postcss\lib\p
arse.js:11:12)
    at new LazyResult (D:\Web 
Apps\Alfia-1-Beta-Main Live Now\Alfia-1-
Beta-Main-new\node_modules\postcss\lib\l
azy-result.js:165:16)
    at Processor.process (D:\Web 
Apps\Alfia-1-Beta-Main Live Now\Alfia-1-
Beta-Main-new\node_modules\postcss\lib\p
rocessor.js:53:14)
    at compileCSS (file:///D:/Web%20Apps
/Alfia-1-Beta-Main%20Live%20Now/Alfia-1-
Beta-Main-new/node_modules/vite/dist/nod
e/chunks/dep-BK3b2jBa.js:36898:59)
    at async Object.transform (file:///D
:/Web%20Apps/Alfia-1-Beta-Main%20Live%20
Now/Alfia-1-Beta-Main-new/node_modules/v
ite/dist/node/chunks/dep-BK3b2jBa.js:361
71:11)
    at async transform (file:///D:/Web%2
0Apps/Alfia-1-Beta-Main%20Live%20Now/Alf
ia-1-Beta-Main-new/node_modules/rollup/d
ist/es/shared/node-entry.js:21246:16)[3
9m
